// Jest Snapshot v1, https://goo.gl/fbAQLP

exports[`Pruebas al <GifGridItem /> Debe mostrar correctamente el componente 1`] = `
<div
  className="card animate__animated animate__fadeIn "
>
  <img
    alt="La musica de hoy"
    src="https://localhost/algo"
  />
  <p>
    La musica de hoy
  </p>
</div>
`;
